Archive member included to satisfy reference by file (symbol)

.pio\build\bluepill_f103c8\lib9ca\libsoporte_placa.a(sp_comSerie.o)
                              .pio\build\bluepill_f103c8\src\main.o (SP_ComSerie_init)
.pio\build\bluepill_f103c8\lib9ca\libsoporte_placa.a(sp_comando_scpi.o)
                              .pio\build\bluepill_f103c8\src\main.o (SP_Comando_SCPI_init)
.pio\build\bluepill_f103c8\lib9ca\libsoporte_placa.a(sp_timer.o)
                              .pio\build\bluepill_f103c8\src\main.o (SP_Timer_init)
c:/users/thcgo/.platformio/packages/toolchain-gccarmnoneeabi/bin/../lib/gcc/arm-none-eabi/7.2.1/../../../../arm-none-eabi/lib/thumb/v7-m\libc_nano.a(lib_a-atoi.o)
                              .pio\build\bluepill_f103c8\lib9ca\libsoporte_placa.a(sp_comando_scpi.o) (atoi)
c:/users/thcgo/.platformio/packages/toolchain-gccarmnoneeabi/bin/../lib/gcc/arm-none-eabi/7.2.1/../../../../arm-none-eabi/lib/thumb/v7-m\libc_nano.a(lib_a-exit.o)
                              c:/users/thcgo/.platformio/packages/toolchain-gccarmnoneeabi/bin/../lib/gcc/arm-none-eabi/7.2.1/../../../../arm-none-eabi/lib/thumb/v7-m/crt0.o (exit)
c:/users/thcgo/.platformio/packages/toolchain-gccarmnoneeabi/bin/../lib/gcc/arm-none-eabi/7.2.1/../../../../arm-none-eabi/lib/thumb/v7-m\libc_nano.a(lib_a-impure.o)
                              c:/users/thcgo/.platformio/packages/toolchain-gccarmnoneeabi/bin/../lib/gcc/arm-none-eabi/7.2.1/../../../../arm-none-eabi/lib/thumb/v7-m\libc_nano.a(lib_a-exit.o) (_global_impure_ptr)
c:/users/thcgo/.platformio/packages/toolchain-gccarmnoneeabi/bin/../lib/gcc/arm-none-eabi/7.2.1/../../../../arm-none-eabi/lib/thumb/v7-m\libc_nano.a(lib_a-init.o)
                              c:/users/thcgo/.platformio/packages/toolchain-gccarmnoneeabi/bin/../lib/gcc/arm-none-eabi/7.2.1/../../../../arm-none-eabi/lib/thumb/v7-m/crt0.o (__libc_init_array)
c:/users/thcgo/.platformio/packages/toolchain-gccarmnoneeabi/bin/../lib/gcc/arm-none-eabi/7.2.1/../../../../arm-none-eabi/lib/thumb/v7-m\libc_nano.a(lib_a-locale.o)
                              .pio\build\bluepill_f103c8\lib9ca\libsoporte_placa.a(sp_comando_scpi.o) (__locale_ctype_ptr)
c:/users/thcgo/.platformio/packages/toolchain-gccarmnoneeabi/bin/../lib/gcc/arm-none-eabi/7.2.1/../../../../arm-none-eabi/lib/thumb/v7-m\libc_nano.a(lib_a-mbtowc_r.o)
                              c:/users/thcgo/.platformio/packages/toolchain-gccarmnoneeabi/bin/../lib/gcc/arm-none-eabi/7.2.1/../../../../arm-none-eabi/lib/thumb/v7-m\libc_nano.a(lib_a-locale.o) (__ascii_mbtowc)
c:/users/thcgo/.platformio/packages/toolchain-gccarmnoneeabi/bin/../lib/gcc/arm-none-eabi/7.2.1/../../../../arm-none-eabi/lib/thumb/v7-m\libc_nano.a(lib_a-memset.o)
                              c:/users/thcgo/.platformio/packages/toolchain-gccarmnoneeabi/bin/../lib/gcc/arm-none-eabi/7.2.1/../../../../arm-none-eabi/lib/thumb/v7-m/crt0.o (memset)
c:/users/thcgo/.platformio/packages/toolchain-gccarmnoneeabi/bin/../lib/gcc/arm-none-eabi/7.2.1/../../../../arm-none-eabi/lib/thumb/v7-m\libc_nano.a(lib_a-printf.o)
                              .pio\build\bluepill_f103c8\src\main.o (printf)
c:/users/thcgo/.platformio/packages/toolchain-gccarmnoneeabi/bin/../lib/gcc/arm-none-eabi/7.2.1/../../../../arm-none-eabi/lib/thumb/v7-m\libc_nano.a(lib_a-strcmp.o)
                              c:/users/thcgo/.platformio/packages/toolchain-gccarmnoneeabi/bin/../lib/gcc/arm-none-eabi/7.2.1/../../../../arm-none-eabi/lib/thumb/v7-m\libc_nano.a(lib_a-locale.o) (strcmp)
c:/users/thcgo/.platformio/packages/toolchain-gccarmnoneeabi/bin/../lib/gcc/arm-none-eabi/7.2.1/../../../../arm-none-eabi/lib/thumb/v7-m\libc_nano.a(lib_a-strtol.o)
                              c:/users/thcgo/.platformio/packages/toolchain-gccarmnoneeabi/bin/../lib/gcc/arm-none-eabi/7.2.1/../../../../arm-none-eabi/lib/thumb/v7-m\libc_nano.a(lib_a-atoi.o) (_strtol_r)
c:/users/thcgo/.platformio/packages/toolchain-gccarmnoneeabi/bin/../lib/gcc/arm-none-eabi/7.2.1/../../../../arm-none-eabi/lib/thumb/v7-m\libc_nano.a(lib_a-wctomb_r.o)
                              c:/users/thcgo/.platformio/packages/toolchain-gccarmnoneeabi/bin/../lib/gcc/arm-none-eabi/7.2.1/../../../../arm-none-eabi/lib/thumb/v7-m\libc_nano.a(lib_a-locale.o) (__ascii_wctomb)
c:/users/thcgo/.platformio/packages/toolchain-gccarmnoneeabi/bin/../lib/gcc/arm-none-eabi/7.2.1/../../../../arm-none-eabi/lib/thumb/v7-m\libc_nano.a(lib_a-ctype_.o)
                              c:/users/thcgo/.platformio/packages/toolchain-gccarmnoneeabi/bin/../lib/gcc/arm-none-eabi/7.2.1/../../../../arm-none-eabi/lib/thumb/v7-m\libc_nano.a(lib_a-locale.o) (_ctype_)
c:/users/thcgo/.platformio/packages/toolchain-gccarmnoneeabi/bin/../lib/gcc/arm-none-eabi/7.2.1/../../../../arm-none-eabi/lib/thumb/v7-m\libc_nano.a(lib_a-findfp.o)
                              c:/users/thcgo/.platformio/packages/toolchain-gccarmnoneeabi/bin/../lib/gcc/arm-none-eabi/7.2.1/../../../../arm-none-eabi/lib/thumb/v7-m\libc_nano.a(lib_a-printf.o) (__sinit)
[...]
Memory Configuration

Name             Origin             Length             Attributes
RAM              0x20000000         0x00005000         xrw
FLASH            0x08000000         0x00010000         xr
*default*        0x00000000         0xffffffff

Linker script and memory map

LOAD c:/users/thcgo/.platformio/packages/toolchain-gccarmnoneeabi/bin/../lib/gcc/arm-none-eabi/7.2.1/thumb/v7-m/crti.o
LOAD c:/users/thcgo/.platformio/packages/toolchain-gccarmnoneeabi/bin/../lib/gcc/arm-none-eabi/7.2.1/thumb/v7-m/crtbegin.o
LOAD c:/users/thcgo/.platformio/packages/toolchain-gccarmnoneeabi/bin/../lib/gcc/arm-none-eabi/7.2.1/../../../../arm-none-eabi/lib/thumb/v7-m/crt0.o
LOAD .pio\build\bluepill_f103c8\FrameworkCMSIS\gcc\startup_stm32f103xb.o
LOAD .pio\build\bluepill_f103c8\FrameworkCMSIS\system_stm32f1xx.o
LOAD .pio\build\bluepill_f103c8\src\main.o
START GROUP
LOAD .pio\build\bluepill_f103c8\lib9ca\libsoporte_placa.a
LOAD c:/users/thcgo/.platformio/packages/toolchain-gccarmnoneeabi/bin/../lib/gcc/arm-none-eabi/7.2.1/../../../../arm-none-eabi/lib/thumb/v7-m\libc_nano.a
LOAD c:/users/thcgo/.platformio/packages/toolchain-gccarmnoneeabi/bin/../lib/gcc/arm-none-eabi/7.2.1/thumb/v7-m\libgcc.a
LOAD c:/users/thcgo/.platformio/packages/toolchain-gccarmnoneeabi/bin/../lib/gcc/arm-none-eabi/7.2.1/../../../../arm-none-eabi/lib/thumb/v7-m\libm.a
LOAD c:/users/thcgo/.platformio/packages/toolchain-gccarmnoneeabi/bin/../lib/gcc/arm-none-eabi/7.2.1/../../../../arm-none-eabi/lib/thumb/v7-m\libstdc++_nano.a
END GROUP
START GROUP
LOAD c:/users/thcgo/.platformio/packages/toolchain-gccarmnoneeabi/bin/../lib/gcc/arm-none-eabi/7.2.1/thumb/v7-m\libgcc.a
LOAD c:/users/thcgo/.platformio/packages/toolchain-gccarmnoneeabi/bin/../lib/gcc/arm-none-eabi/7.2.1/../../../../arm-none-eabi/lib/thumb/v7-m\libc_nano.a
END GROUP
START GROUP
LOAD c:/users/thcgo/.platformio/packages/toolchain-gccarmnoneeabi/bin/../lib/gcc/arm-none-eabi/7.2.1/thumb/v7-m\libgcc.a
LOAD c:/users/thcgo/.platformio/packages/toolchain-gccarmnoneeabi/bin/../lib/gcc/arm-none-eabi/7.2.1/../../../../arm-none-eabi/lib/thumb/v7-m\libc_nano.a
LOAD c:/users/thcgo/.platformio/packages/toolchain-gccarmnoneeabi/bin/../lib/gcc/arm-none-eabi/7.2.1/../../../../arm-none-eabi/lib/thumb/v7-m\libnosys.a
END GROUP
START GROUP
LOAD c:/users/thcgo/.platformio/packages/toolchain-gccarmnoneeabi/bin/../lib/gcc/arm-none-eabi/7.2.1/thumb/v7-m\libgcc.a
LOAD c:/users/thcgo/.platformio/packages/toolchain-gccarmnoneeabi/bin/../lib/gcc/arm-none-eabi/7.2.1/../../../../arm-none-eabi/lib/thumb/v7-m\libc_nano.a
LOAD c:/users/thcgo/.platformio/packages/toolchain-gccarmnoneeabi/bin/../lib/gcc/arm-none-eabi/7.2.1/../../../../arm-none-eabi/lib/thumb/v7-m\libnosys.a
END GROUP
LOAD c:/users/thcgo/.platformio/packages/toolchain-gccarmnoneeabi/bin/../lib/gcc/arm-none-eabi/7.2.1/thumb/v7-m/crtend.o
LOAD c:/users/thcgo/.platformio/packages/toolchain-gccarmnoneeabi/bin/../lib/gcc/arm-none-eabi/7.2.1/thumb/v7-m/crtn.o
                0x20005000                _estack = (ORIGIN (RAM) + LENGTH (RAM))
                0x00000200                _Min_Heap_Size = 0x200
                0x00000400                _Min_Stack_Size = 0x400

.isr_vector     0x08000000      0x10c
                0x08000000                . = ALIGN (0x4)
 *(.isr_vector)
 .isr_vector    0x08000000      0x10c .pio\build\bluepill_f103c8\FrameworkCMSIS\gcc\startup_stm32f103xb.o
                0x08000000                g_pfnVectors
                0x0800010c                . = ALIGN (0x4)

.text           0x0800010c     0x147c
                0x0800010c                . = ALIGN (0x4)
 *(.text)
 .text          0x0800010c       0x40 c:/users/thcgo/.platformio/packages/toolchain-gccarmnoneeabi/bin/../lib/gcc/arm-none-eabi/7.2.1/thumb/v7-m/crtbegin.o
 *(.text*)
 .text.Reset_Handler
                0x0800014c       0x48 .pio\build\bluepill_f103c8\FrameworkCMSIS\gcc\startup_stm32f103xb.o
                0x0800014c                Reset_Handler
 .text.Default_Handler
                0x08000194        0x2 .pio\build\bluepill_f103c8\FrameworkCMSIS\gcc\startup_stm32f103xb.o
                0x08000194                RTC_Alarm_IRQHandler
                0x08000194                EXTI2_IRQHandler
                0x08000194                DebugMon_Handler
                0x08000194                TIM1_CC_IRQHandler
                0x08000194                HardFault_Handler
                0x08000194                SysTick_Handler
                0x08000194                PVD_IRQHandler
                0x08000194                PendSV_Handler
                0x08000194                NMI_Handler
                0x08000194                EXTI3_IRQHandler
                0x08000194                EXTI0_IRQHandler
                0x08000194                I2C2_EV_IRQHandler
                0x08000194                UsageFault_Handler
                0x08000194                ADC1_2_IRQHandler
                0x08000194                SPI1_IRQHandler
                0x08000194                TAMPER_IRQHandler
                0x08000194                DMA1_Channel4_IRQHandler
                0x08000194                USART3_IRQHandler
                0x08000194                RTC_IRQHandler
                0x08000194                DMA1_Channel7_IRQHandler
                0x08000194                CAN1_RX1_IRQHandler
                0x08000194                TIM4_IRQHandler
                0x08000194                I2C1_EV_IRQHandler
                0x08000194                DMA1_Channel6_IRQHandler
                0x08000194                TIM3_IRQHandler
                0x08000194                RCC_IRQHandler
                0x08000194                TIM1_TRG_COM_IRQHandler
                0x08000194                DMA1_Channel1_IRQHandler
                0x08000194                Default_Handler
                0x08000194                EXTI15_10_IRQHandler
                0x08000194                EXTI9_5_IRQHandler
                0x08000194                SPI2_IRQHandler
                0x08000194                MemManage_Handler
                0x08000194                SVC_Handler
                0x08000194                DMA1_Channel5_IRQHandler
                0x08000194                EXTI4_IRQHandler
                0x08000194                USB_LP_CAN1_RX0_IRQHandler
                0x08000194                USB_HP_CAN1_TX_IRQHandler
                0x08000194                DMA1_Channel3_IRQHandler
                0x08000194                TIM1_UP_IRQHandler
                0x08000194                WWDG_IRQHandler
                0x08000194                TIM2_IRQHandler
                0x08000194                TIM1_BRK_IRQHandler
                0x08000194                EXTI1_IRQHandler
                0x08000194                USART2_IRQHandler
                0x08000194                I2C2_ER_IRQHandler
                0x08000194                DMA1_Channel2_IRQHandler
                0x08000194                CAN1_SCE_IRQHandler
                0x08000194                FLASH_IRQHandler
                0x08000194                BusFault_Handler
                0x08000194                USART1_IRQHandler
                0x08000194                I2C1_ER_IRQHandler
                0x08000194                USBWakeUp_IRQHandler
 *fill*         0x08000196        0x2 
 .text.SystemInit
                0x08000198       0x4c .pio\build\bluepill_f103c8\FrameworkCMSIS\system_stm32f1xx.o
                0x08000198                SystemInit
 .text.SystemCoreClockUpdate
                0x080001e4       0x58 .pio\build\bluepill_f103c8\FrameworkCMSIS\system_stm32f1xx.o
                0x080001e4                SystemCoreClockUpdate
 .text.startup.main
                0x0800023c       0x40 .pio\build\bluepill_f103c8\src\main.o
                0x0800023c                main
 .text.SP_ComSerie_init
                0x0800027c       0x5c .pio\build\bluepill_f103c8\lib9ca\libsoporte_placa.a(sp_comSerie.o)
                0x0800027c                SP_ComSerie_init
 .text.SP_ComSerie_hayDatoDisponible
                0x080002d8       0x10 .pio\build\bluepill_f103c8\lib9ca\libsoporte_placa.a(sp_comSerie.o)
                0x080002d8                SP_ComSerie_hayDatoDisponible
 .text.SP_ComSerie_read
                0x080002e8       0x18 .pio\build\bluepill_f103c8\lib9ca\libsoporte_placa.a(sp_comSerie.o)
                0x080002e8                SP_ComSerie_read
 .text.SP_ComSerie_write
                0x08000300        0xc .pio\build\bluepill_f103c8\lib9ca\libsoporte_placa.a(sp_comSerie.o)
                0x08000300                SP_ComSerie_write
 .text.SP_ComSerie_write_mensaje
                0x0800030c       0x14 .pio\build\bluepill_f103c8\lib9ca\libsoporte_placa.a(sp_comSerie.o)
                0x0800030c                SP_ComSerie_write_mensaje
 .text.coincide_cmd
                0x08000320       0x40 .pio\build\bluepill_f103c8\lib9ca\libsoporte_placa.a(sp_comando_scpi.o)
 .text.SP_Comando_SCPI_init
                0x08000360       0x1c .pio\build\bluepill_f103c8\lib9ca\libsoporte_placa.a(sp_comando_scpi.o)
                0x08000360                SP_Comando_SCPI_init
 .text.SP_Comando_SCPI_procesa
                0x0800037c      0x138 .pio\build\bluepill_f103c8\lib9ca\libsoporte_placa.a(sp_comando_scpi.o)
                0x0800037c                SP_Comando_SCPI_procesa
 .text.SP_Timer_init
                0x080004b4       0x34 .pio\build\bluepill_f103c8\lib9ca\libsoporte_placa.a(sp_timer.o)
                0x080004b4                SP_Timer_init
 .text.SP_Timer_PWM
                0x080004e8       0x2c .pio\build\bluepill_f103c8\lib9ca\libsoporte_placa.a(sp_timer.o)
                0x080004e8                SP_Timer_PWM
 .text.SP_Timer_setPWM
                0x08000514        0xa .pio\build\bluepill_f103c8\lib9ca\libsoporte_placa.a(sp_timer.o)
                0x08000514                SP_Timer_setPWM
 .text.SP_Timer_getPWM
                0x0800051e       0x16 .pio\build\bluepill_f103c8\lib9ca\libsoporte_placa.a(sp_timer.o)
                0x0800051e                SP_Timer_getPWM
 .text.atoi     0x08000534        0x8 c:/users/thcgo/.platformio/packages/toolchain-gccarmnoneeabi/bin/../lib/gcc/arm-none-eabi/7.2.1/../../../../arm-none-eabi/lib/thumb/v7-m\libc_nano.a(lib_a-atoi.o)
                0x08000534                atoi
 .text.__libc_init_array
                0x0800053c       0x48 c:/users/thcgo/.platformio/packages/toolchain-gccarmnoneeabi/bin/../lib/gcc/arm-none-eabi/7.2.1/../../../../arm-none-eabi/lib/thumb/v7-m\libc_nano.a(lib_a-init.o)
                0x0800053c                __libc_init_array
 .text.__locale_ctype_ptr_l
                0x08000584        0x6 c:/users/thcgo/.platformio/packages/toolchain-gccarmnoneeabi/bin/../lib/gcc/arm-none-eabi/7.2.1/../../../../arm-none-eabi/lib/thumb/v7-m\libc_nano.a(lib_a-locale.o)
                0x08000584                __locale_ctype_ptr_l
 *fill*         0x0800058a        0x2 
 .text.__locale_ctype_ptr
                0x0800058c       0x1c c:/users/thcgo/.platformio/packages/toolchain-gccarmnoneeabi/bin/../lib/gcc/arm-none-eabi/7.2.1/../../../../arm-none-eabi/lib/thumb/v7-m\libc_nano.a(lib_a-locale.o)
                0x0800058c                __locale_ctype_ptr
 .text.__ascii_mbtowc
                0x080005a8       0x24 c:/users/thcgo/.platformio/packages/toolchain-gccarmnoneeabi/bin/../lib/gcc/arm-none-eabi/7.2.1/../../../../arm-none-eabi/lib/thumb/v7-m\libc_nano.a(lib_a-mbtowc_r.o)
                0x080005a8                __ascii_mbtowc
 .text.memset   0x080005cc       0x10 c:/users/thcgo/.platformio/packages/toolchain-gccarmnoneeabi/bin/../lib/gcc/arm-none-eabi/7.2.1/../../../../arm-none-eabi/lib/thumb/v7-m\libc_nano.a(lib_a-memset.o)
                0x080005cc                memset
 .text.printf   0x080005dc       0x30 c:/users/thcgo/.platformio/packages/toolchain-gccarmnoneeabi/bin/../lib/gcc/arm-none-eabi/7.2.1/../../../../arm-none-eabi/lib/thumb/v7-m\libc_nano.a(lib_a-printf.o)
                0x080005dc                iprintf
                0x080005dc                printf
 .text._strtol_l.isra.0
                0x0800060c       0xf6 c:/users/thcgo/.platformio/packages/toolchain-gccarmnoneeabi/bin/../lib/gcc/arm-none-eabi/7.2.1/../../../../arm-none-eabi/lib/thumb/v7-m\libc_nano.a(lib_a-strtol.o)
 *fill*         0x08000702        0x2 
 .text.strtol   0x08000704       0x2c c:/users/thcgo/.platformio/packages/toolchain-gccarmnoneeabi/bin/../lib/gcc/arm-none-eabi/7.2.1/../../../../arm-none-eabi/lib/thumb/v7-m\libc_nano.a(lib_a-strtol.o)
                0x08000704                strtol
 .text.__ascii_wctomb
                0x08000730       0x1a c:/users/thcgo/.platformio/packages/toolchain-gccarmnoneeabi/bin/../lib/gcc/arm-none-eabi/7.2.1/../../../../arm-none-eabi/lib/thumb/v7-m\libc_nano.a(lib_a-wctomb_r.o)
                0x08000730                __ascii_wctomb
 *fill*         0x0800074a        0x2 
 .text.std      0x0800074c       0x48 c:/users/thcgo/.platformio/packages/toolchain-gccarmnoneeabi/bin/../lib/gcc/arm-none-eabi/7.2.1/../../../../arm-none-eabi/lib/thumb/v7-m\libc_nano.a(lib_a-findfp.o)
 .text._cleanup_r
                0x08000794        0xc c:/users/thcgo/.platformio/packages/toolchain-gccarmnoneeabi/bin/../lib/gcc/arm-none-eabi/7.2.1/../../../../arm-none-eabi/lib/thumb/v7-m\libc_nano.a(lib_a-findfp.o)
                0x08000794                _cleanup_r
 .text.__sfmoreglue
                0x080007a0       0x2c c:/users/thcgo/.platformio/packages/toolchain-gccarmnoneeabi/bin/../lib/gcc/arm-none-eabi/7.2.1/../../../../arm-none-eabi/lib/thumb/v7-m\libc_nano.a(lib_a-findfp.o)
                0x080007a0                __sfmoreglue
 .text.__sinit  0x080007cc       0x60 c:/users/thcgo/.platformio/packages/toolchain-gccarmnoneeabi/bin/../lib/gcc/arm-none-eabi/7.2.1/../../../../arm-none-eabi/lib/thumb/v7-m\libc_nano.a(lib_a-findfp.o)
                0x080007cc                __sinit
 .text.__sfp    0x0800082c       0x78 c:/users/thcgo/.platformio/packages/toolchain-gccarmnoneeabi/bin/../lib/gcc/arm-none-eabi/7.2.1/../../../../arm-none-eabi/lib/thumb/v7-m\libc_nano.a(lib_a-findfp.o)
                0x0800082c                __sfp
 .text._fwalk_reent
                0x080008a4       0x3c c:/users/thcgo/.platformio/packages/toolchain-gccarmnoneeabi/bin/../lib/gcc/arm-none-eabi/7.2.1/../../../../arm-none-eabi/lib/thumb/v7-m\libc_nano.a(lib_a-fwalk.o)
                0x080008a4                _fwalk_reent
 .text._malloc_r
                0x080008e0       0xb4 c:/users/thcgo/.platformio/packages/toolchain-gccarmnoneeabi/bin/../lib/gcc/arm-none-eabi/7.2.1/../../../../arm-none-eabi/lib/thumb/v7-m\libc_nano.a(lib_a-nano-mallocr.o)
                0x080008e0                _malloc_r
 .text.__sfputc_r
                0x08000994       0x2a c:/users/thcgo/.platformio/packages/toolchain-gccarmnoneeabi/bin/../lib/gcc/arm-none-eabi/7.2.1/../../../../arm-none-eabi/lib/thumb/v7-m\libc_nano.a(lib_a-nano-vfprintf.o)
 .text.__sfputs_r
                0x080009be       0x24 c:/users/thcgo/.platformio/packages/toolchain-gccarmnoneeabi/bin/../lib/gcc/arm-none-eabi/7.2.1/../../../../arm-none-eabi/lib/thumb/v7-m\libc_nano.a(lib_a-nano-vfprintf.o)
                0x080009be                __sfputs_r
 *fill*         0x080009e2        0x2 
 .text._vfprintf_r
                0x080009e4      0x228 c:/users/thcgo/.platformio/packages/toolchain-gccarmnoneeabi/bin/../lib/gcc/arm-none-eabi/7.2.1/../../../../arm-none-eabi/lib/thumb/v7-m\libc_nano.a(lib_a-nano-vfprintf.o)
                0x080009e4                _vfprintf_r
                0x080009e4                _vfiprintf_r
 .text._printf_common
                0x08000c0c       0xec c:/users/thcgo/.platformio/packages/toolchain-gccarmnoneeabi/bin/../lib/gcc/arm-none-eabi/7.2.1/../../../../arm-none-eabi/lib/thumb/v7-m\libc_nano.a(lib_a-nano-vfprintf_i.o)
                0x08000c0c                _printf_common
 .text._printf_i
                0x08000cf8      0x224 c:/users/thcgo/.platformio/packages/toolchain-gccarmnoneeabi/bin/../lib/gcc/arm-none-eabi/7.2.1/../../../../arm-none-eabi/lib/thumb/v7-m\libc_nano.a(lib_a-nano-vfprintf_i.o)
                0x08000cf8                _printf_i
 .text._sbrk_r  0x08000f1c       0x20 c:/users/thcgo/.platformio/packages/toolchain-gccarmnoneeabi/bin/../lib/gcc/arm-none-eabi/7.2.1/../../../../arm-none-eabi/lib/thumb/v7-m\libc_nano.a(lib_a-sbrkr.o)
                0x08000f1c                _sbrk_r
 .text.__sread  0x08000f3c       0x22 c:/users/thcgo/.platformio/packages/toolchain-gccarmnoneeabi/bin/../lib/gcc/arm-none-eabi/7.2.1/../../../../arm-none-eabi/lib/thumb/v7-m\libc_nano.a(lib_a-stdio.o)
                0x08000f3c                __sread
 .text.__swrite
                0x08000f5e       0x38 c:/users/thcgo/.platformio/packages/toolchain-gccarmnoneeabi/bin/../lib/gcc/arm-none-eabi/7.2.1/../../../../arm-none-eabi/lib/thumb/v7-m\libc_nano.a(lib_a-stdio.o)
                0x08000f5e                __swrite
 .text.__sseek  0x08000f96       0x24 c:/users/thcgo/.platformio/packages/toolchain-gccarmnoneeabi/bin/../lib/gcc/arm-none-eabi/7.2.1/../../../../arm-none-eabi/lib/thumb/v7-m\libc_nano.a(lib_a-stdio.o)
                0x08000f96                __sseek
 .text.__sclose
                0x08000fba        0x8 c:/users/thcgo/.platformio/packages/toolchain-gccarmnoneeabi/bin/../lib/gcc/arm-none-eabi/7.2.1/../../../../arm-none-eabi/lib/thumb/v7-m\libc_nano.a(lib_a-stdio.o)
                0x08000fba                __sclose
 *fill*         0x08000fc2        0x2 
 .text.__swbuf_r
                0x08000fc4       0xa4 c:/users/thcgo/.platformio/packages/toolchain-gccarmnoneeabi/bin/../lib/gcc/arm-none-eabi/7.2.1/../../../../arm-none-eabi/lib/thumb/v7-m\libc_nano.a(lib_a-wbuf.o)
                0x08000fc4                __swbuf_r
 .text._write_r
                0x08001068       0x24 c:/users/thcgo/.platformio/packages/toolchain-gccarmnoneeabi/bin/../lib/gcc/arm-none-eabi/7.2.1/../../../../arm-none-eabi/lib/thumb/v7-m\libc_nano.a(lib_a-writer.o)
                0x08001068                _write_r
 .text.__swsetup_r
                0x0800108c       0xdc c:/users/thcgo/.platformio/packages/toolchain-gccarmnoneeabi/bin/../lib/gcc/arm-none-eabi/7.2.1/../../../../arm-none-eabi/lib/thumb/v7-m\libc_nano.a(lib_a-wsetup.o)
                0x0800108c                __swsetup_r
 .text._close_r
                0x08001168       0x20 c:/users/thcgo/.platformio/packages/toolchain-gccarmnoneeabi/bin/../lib/gcc/arm-none-eabi/7.2.1/../../../../arm-none-eabi/lib/thumb/v7-m\libc_nano.a(lib_a-closer.o)
                0x08001168                _close_r
 .text.__sflush_r
                0x08001188      0x10c c:/users/thcgo/.platformio/packages/toolchain-gccarmnoneeabi/bin/../lib/gcc/arm-none-eabi/7.2.1/../../../../arm-none-eabi/lib/thumb/v7-m\libc_nano.a(lib_a-fflush.o)
                0x08001188                __sflush_r
 .text._fflush_r
                0x08001294       0x54 c:/users/thcgo/.platformio/packages/toolchain-gccarmnoneeabi/bin/../lib/gcc/arm-none-eabi/7.2.1/../../../../arm-none-eabi/lib/thumb/v7-m\libc_nano.a(lib_a-fflush.o)
                0x08001294                _fflush_r
 .text._lseek_r
                0x080012e8       0x24 c:/users/thcgo/.platformio/packages/toolchain-gccarmnoneeabi/bin/../lib/gcc/arm-none-eabi/7.2.1/../../../../arm-none-eabi/lib/thumb/v7-m\libc_nano.a(lib_a-lseekr.o)
                0x080012e8                _lseek_r
 .text.__swhatbuf_r
                0x0800130c       0x48 c:/users/thcgo/.platformio/packages/toolchain-gccarmnoneeabi/bin/../lib/gcc/arm-none-eabi/7.2.1/../../../../arm-none-eabi/lib/thumb/v7-m\libc_nano.a(lib_a-makebuf.o)
                0x0800130c                __swhatbuf_r
 .text.__smakebuf_r
                0x08001354       0x80 c:/users/thcgo/.platformio/packages/toolchain-gccarmnoneeabi/bin/../lib/gcc/arm-none-eabi/7.2.1/../../../../arm-none-eabi/lib/thumb/v7-m\libc_nano.a(lib_a-makebuf.o)
                0x08001354                __smakebuf_r
 .text.memchr   0x080013d4       0x1c c:/users/thcgo/.platformio/packages/toolchain-gccarmnoneeabi/bin/../lib/gcc/arm-none-eabi/7.2.1/../../../../arm-none-eabi/lib/thumb/v7-m\libc_nano.a(lib_a-memchr-stub.o)
                0x080013d4                memchr
 .text.__malloc_lock
                0x080013f0        0x2 c:/users/thcgo/.platformio/packages/toolchain-gccarmnoneeabi/bin/../lib/gcc/arm-none-eabi/7.2.1/../../../../arm-none-eabi/lib/thumb/v7-m\libc_nano.a(lib_a-mlock.o)
                0x080013f0                __malloc_lock
 .text.__malloc_unlock
                0x080013f2        0x2 c:/users/thcgo/.platformio/packages/toolchain-gccarmnoneeabi/bin/../lib/gcc/arm-none-eabi/7.2.1/../../../../arm-none-eabi/lib/thumb/v7-m\libc_nano.a(lib_a-mlock.o)
                0x080013f2                __malloc_unlock
 .text._free_r  0x080013f4       0x98 c:/users/thcgo/.platformio/packages/toolchain-gccarmnoneeabi/bin/../lib/gcc/arm-none-eabi/7.2.1/../../../../arm-none-eabi/lib/thumb/v7-m\libc_nano.a(lib_a-nano-freer.o)
                0x080013f4                _free_r
 .text._read_r  0x0800148c       0x24 c:/users/thcgo/.platformio/packages/toolchain-gccarmnoneeabi/bin/../lib/gcc/arm-none-eabi/7.2.1/../../../../arm-none-eabi/lib/thumb/v7-m\libc_nano.a(lib_a-readr.o)
                0x0800148c                _read_r
 .text._fstat_r
                0x080014b0       0x24 c:/users/thcgo/.platformio/packages/toolchain-gccarmnoneeabi/bin/../lib/gcc/arm-none-eabi/7.2.1/../../../../arm-none-eabi/lib/thumb/v7-m\libc_nano.a(lib_a-fstatr.o)
                0x080014b0                _fstat_r
 .text._isatty_r
                0x080014d4       0x20 c:/users/thcgo/.platformio/packages/toolchain-gccarmnoneeabi/bin/../lib/gcc/arm-none-eabi/7.2.1/../../../../arm-none-eabi/lib/thumb/v7-m\libc_nano.a(lib_a-isattyr.o)
                0x080014d4                _isatty_r
 .text._close   0x080014f4       0x10 c:/users/thcgo/.platformio/packages/toolchain-gccarmnoneeabi/bin/../lib/gcc/arm-none-eabi/7.2.1/../../../../arm-none-eabi/lib/thumb/v7-m\libnosys.a(close.o)
                0x080014f4                _close
 .text._fstat   0x08001504       0x10 c:/users/thcgo/.platformio/packages/toolchain-gccarmnoneeabi/bin/../lib/gcc/arm-none-eabi/7.2.1/../../../../arm-none-eabi/lib/thumb/v7-m\libnosys.a(fstat.o)
                0x08001504                _fstat
 .text._isatty  0x08001514       0x10 c:/users/thcgo/.platformio/packages/toolchain-gccarmnoneeabi/bin/../lib/gcc/arm-none-eabi/7.2.1/../../../../arm-none-eabi/lib/thumb/v7-m\libnosys.a(isatty.o)
                0x08001514                _isatty
 .text._lseek   0x08001524       0x10 c:/users/thcgo/.platformio/packages/toolchain-gccarmnoneeabi/bin/../lib/gcc/arm-none-eabi/7.2.1/../../../../arm-none-eabi/lib/thumb/v7-m\libnosys.a(lseek.o)
                0x08001524                _lseek
 .text._read    0x08001534       0x10 c:/users/thcgo/.platformio/packages/toolchain-gccarmnoneeabi/bin/../lib/gcc/arm-none-eabi/7.2.1/../../../../arm-none-eabi/lib/thumb/v7-m\libnosys.a(read.o)
                0x08001534                _read
 .text._sbrk    0x08001544       0x1c c:/users/thcgo/.platformio/packages/toolchain-gccarmnoneeabi/bin/../lib/gcc/arm-none-eabi/7.2.1/../../../../arm-none-eabi/lib/thumb/v7-m\libnosys.a(sbrk.o)
                0x08001544                _sbrk
 .text._write   0x08001560       0x10 c:/users/thcgo/.platformio/packages/toolchain-gccarmnoneeabi/bin/../lib/gcc/arm-none-eabi/7.2.1/../../../../arm-none-eabi/lib/thumb/v7-m\libnosys.a(write.o)
                0x08001560                _write
 *(.glue_7)
 .glue_7        0x08001570        0x0 linker stubs
 *(.glue_7t)
 .glue_7t       0x08001570        0x0 linker stubs
 *(.eh_frame)
 .eh_frame      0x08001570        0x0 c:/users/thcgo/.platformio/packages/toolchain-gccarmnoneeabi/bin/../lib/gcc/arm-none-eabi/7.2.1/thumb/v7-m/crtbegin.o
 *(.init)
 .init          0x08001570        0x4 c:/users/thcgo/.platformio/packages/toolchain-gccarmnoneeabi/bin/../lib/gcc/arm-none-eabi/7.2.1/thumb/v7-m/crti.o
                0x08001570                _init
 .init          0x08001574        0x8 c:/users/thcgo/.platformio/packages/toolchain-gccarmnoneeabi/bin/../lib/gcc/arm-none-eabi/7.2.1/thumb/v7-m/crtn.o
 *(.fini)
 .fini          0x0800157c        0x4 c:/users/thcgo/.platformio/packages/toolchain-gccarmnoneeabi/bin/../lib/gcc/arm-none-eabi/7.2.1/thumb/v7-m/crti.o
                0x0800157c                _fini
 .fini          0x08001580        0x8 c:/users/thcgo/.platformio/packages/toolchain-gccarmnoneeabi/bin/../lib/gcc/arm-none-eabi/7.2.1/thumb/v7-m/crtn.o
                0x08001588                . = ALIGN (0x4)
                0x08001588                _etext = .

.vfp11_veneer   0x08001588        0x0
 .vfp11_veneer  0x08001588        0x0 linker stubs

.v4_bx          0x08001588        0x0
 .v4_bx         0x08001588        0x0 linker stubs

.iplt           0x08001588        0x0
 .iplt          0x08001588        0x0 c:/users/thcgo/.platformio/packages/toolchain-gccarmnoneeabi/bin/../lib/gcc/arm-none-eabi/7.2.1/thumb/v7-m/crtbegin.o

.rodata         0x08001588      0x1f0
                0x08001588                . = ALIGN (0x4)
 *(.rodata)
 *(.rodata*)
 .rodata.AHBPrescTable
                0x08001588       0x10 .pio\build\bluepill_f103c8\FrameworkCMSIS\system_stm32f1xx.o
                0x08001588                AHBPrescTable
 .rodata.main.str1.1
                0x08001598        0x8 .pio\build\bluepill_f103c8\src\main.o
 .rodata.SP_Comando_SCPI_procesa.str1.1
                0x080015a0       0x2e .pio\build\bluepill_f103c8\lib9ca\libsoporte_placa.a(sp_comando_scpi.o)
 .rodata.coincide_cmd.str1.1
                0x080015ce        0x4 .pio\build\bluepill_f103c8\lib9ca\libsoporte_placa.a(sp_comando_scpi.o)
 *fill*         0x080015d2        0x2 
 .rodata._global_impure_ptr
                0x080015d4        0x4 c:/users/thcgo/.platformio/packages/toolchain-gccarmnoneeabi/bin/../lib/gcc/arm-none-eabi/7.2.1/../../../../arm-none-eabi/lib/thumb/v7-m\libc_nano.a(lib_a-impure.o)
                0x080015d4                _global_impure_ptr
 .rodata._setlocale_r.str1.1
                0x080015d8        0x8 c:/users/thcgo/.platformio/packages/toolchain-gccarmnoneeabi/bin/../lib/gcc/arm-none-eabi/7.2.1/../../../../arm-none-eabi/lib/thumb/v7-m\libc_nano.a(lib_a-locale.o)
                                  0x9 (size before relaxing)
 .rodata.str1.1
                0x080015e0        0x2 c:/users/thcgo/.platformio/packages/toolchain-gccarmnoneeabi/bin/../lib/gcc/arm-none-eabi/7.2.1/../../../../arm-none-eabi/lib/thumb/v7-m\libc_nano.a(lib_a-locale.o)
 .rodata._ctype_
                0x080015e2      0x101 c:/users/thcgo/.platformio/packages/toolchain-gccarmnoneeabi/bin/../lib/gcc/arm-none-eabi/7.2.1/../../../../arm-none-eabi/lib/thumb/v7-m\libc_nano.a(lib_a-ctype_.o)
                0x080015e2                _ctype_
 *fill*         0x080016e3        0x1 
 .rodata.__sf_fake_stderr
                0x080016e4       0x20 c:/users/thcgo/.platformio/packages/toolchain-gccarmnoneeabi/bin/../lib/gcc/arm-none-eabi/7.2.1/../../../../arm-none-eabi/lib/thumb/v7-m\libc_nano.a(lib_a-findfp.o)
                0x080016e4                __sf_fake_stderr
 .rodata.__sf_fake_stdin
                0x08001704       0x20 c:/users/thcgo/.platformio/packages/toolchain-gccarmnoneeabi/bin/../lib/gcc/arm-none-eabi/7.2.1/../../../../arm-none-eabi/lib/thumb/v7-m\libc_nano.a(lib_a-findfp.o)
                0x08001704                __sf_fake_stdin
 .rodata.__sf_fake_stdout
                0x08001724       0x20 c:/users/thcgo/.platformio/packages/toolchain-gccarmnoneeabi/bin/../lib/gcc/arm-none-eabi/7.2.1/../../../../arm-none-eabi/lib/thumb/v7-m\libc_nano.a(lib_a-findfp.o)
                0x08001724                __sf_fake_stdout
 .rodata._vfprintf_r.str1.1
                0x08001744       0x11 c:/users/thcgo/.platformio/packages/toolchain-gccarmnoneeabi/bin/../lib/gcc/arm-none-eabi/7.2.1/../../../../arm-none-eabi/lib/thumb/v7-m\libc_nano.a(lib_a-nano-vfprintf.o)
 .rodata._printf_i.str1.1
                0x08001755       0x22 c:/users/thcgo/.platformio/packages/toolchain-gccarmnoneeabi/bin/../lib/gcc/arm-none-eabi/7.2.1/../../../../arm-none-eabi/lib/thumb/v7-m\libc_nano.a(lib_a-nano-vfprintf_i.o)
                0x08001778                . = ALIGN (0x4)
 *fill*         0x08001777        0x1 

.rel.dyn        0x08001778        0x0
 .rel.iplt      0x08001778        0x0 c:/users/thcgo/.platformio/packages/toolchain-gccarmnoneeabi/bin/../lib/gcc/arm-none-eabi/7.2.1/thumb/v7-m/crtbegin.o

.ARM.extab      0x08001778        0x0
                0x08001778                . = ALIGN (0x4)
 *(.ARM.extab* .gnu.linkonce.armextab.*)
                0x08001778                . = ALIGN (0x4)

.ARM            0x08001778        0x0
                0x08001778                . = ALIGN (0x4)
                0x08001778                __exidx_start = .
 *(.ARM.exidx*)
                0x08001778                __exidx_end = .
                0x08001778                . = ALIGN (0x4)

.preinit_array  0x08001778        0x0
                0x08001778                . = ALIGN (0x4)
                0x08001778                PROVIDE (__preinit_array_start, .)
 *(.preinit_array*)
                0x08001778                PROVIDE (__preinit_array_end, .)
                0x08001778                . = ALIGN (0x4)

.init_array     0x08001778        0x4
                0x08001778                . = ALIGN (0x4)
                0x08001778                PROVIDE (__init_array_start, .)
 *(SORT_BY_NAME(.init_array.*))
 *(.init_array*)
 .init_array    0x08001778        0x4 c:/users/thcgo/.platformio/packages/toolchain-gccarmnoneeabi/bin/../lib/gcc/arm-none-eabi/7.2.1/thumb/v7-m/crtbegin.o
                0x0800177c                PROVIDE (__init_array_end, .)
                0x0800177c                . = ALIGN (0x4)

.fini_array     0x0800177c        0x4
                0x0800177c                . = ALIGN (0x4)
                [!provide]                PROVIDE (__fini_array_start, .)
 *(SORT_BY_NAME(.fini_array.*))
 *(.fini_array*)
 .fini_array    0x0800177c        0x4 c:/users/thcgo/.platformio/packages/toolchain-gccarmnoneeabi/bin/../lib/gcc/arm-none-eabi/7.2.1/thumb/v7-m/crtbegin.o
                [!provide]                PROVIDE (__fini_array_end, .)
                0x08001780                . = ALIGN (0x4)
                0x08001780                _sidata = LOADADDR (.data)

.data           0x20000000      0x1d4 load address 0x08001780
                0x20000000                . = ALIGN (0x4)
                0x20000000                _sdata = .
 *(.data)
 *(.data*)
 .data.SystemCoreClock
                0x20000000        0x4 .pio\build\bluepill_f103c8\FrameworkCMSIS\system_stm32f1xx.o
                0x20000000                SystemCoreClock
 .data._impure_ptr
                0x20000004        0x4 c:/users/thcgo/.platformio/packages/toolchain-gccarmnoneeabi/bin/../lib/gcc/arm-none-eabi/7.2.1/../../../../arm-none-eabi/lib/thumb/v7-m\libc_nano.a(lib_a-impure.o)
                0x20000004                _impure_ptr
 .data.impure_data
                0x20000008       0x60 c:/users/thcgo/.platformio/packages/toolchain-gccarmnoneeabi/bin/../lib/gcc/arm-none-eabi/7.2.1/../../../../arm-none-eabi/lib/thumb/v7-m\libc_nano.a(lib_a-impure.o)
 .data.__global_locale
                0x20000068      0x16c c:/users/thcgo/.platformio/packages/toolchain-gccarmnoneeabi/bin/../lib/gcc/arm-none-eabi/7.2.1/../../../../arm-none-eabi/lib/thumb/v7-m\libc_nano.a(lib_a-locale.o)
                0x20000068                __global_locale
 *(.RamFunc)
 *(.RamFunc*)
                0x200001d4                . = ALIGN (0x4)
                0x200001d4                _edata = .

.igot.plt       0x200001d4        0x0 load address 0x08001954
 .igot.plt      0x200001d4        0x0 c:/users/thcgo/.platformio/packages/toolchain-gccarmnoneeabi/bin/../lib/gcc/arm-none-eabi/7.2.1/thumb/v7-m/crtbegin.o
                0x200001d4                . = ALIGN (0x4)

.bss            0x200001d4       0x3c load address 0x08001954
                0x200001d4                _sbss = .
                0x200001d4                __bss_start__ = _sbss
 *(.bss)
 .bss           0x200001d4       0x1c c:/users/thcgo/.platformio/packages/toolchain-gccarmnoneeabi/bin/../lib/gcc/arm-none-eabi/7.2.1/thumb/v7-m/crtbegin.o
 *(.bss*)
 .bss.cmd       0x200001f0       0x10 .pio\build\bluepill_f103c8\lib9ca\libsoporte_placa.a(sp_comando_scpi.o)
 .bss.__malloc_free_list
                0x20000200        0x4 c:/users/thcgo/.platformio/packages/toolchain-gccarmnoneeabi/bin/../lib/gcc/arm-none-eabi/7.2.1/../../../../arm-none-eabi/lib/thumb/v7-m\libc_nano.a(lib_a-nano-mallocr.o)
                0x20000200                __malloc_free_list
 .bss.__malloc_sbrk_start
                0x20000204        0x4 c:/users/thcgo/.platformio/packages/toolchain-gccarmnoneeabi/bin/../lib/gcc/arm-none-eabi/7.2.1/../../../../arm-none-eabi/lib/thumb/v7-m\libc_nano.a(lib_a-nano-mallocr.o)
                0x20000204                __malloc_sbrk_start
 .bss.heap_end.4102
                0x20000208        0x4 c:/users/thcgo/.platformio/packages/toolchain-gccarmnoneeabi/bin/../lib/gcc/arm-none-eabi/7.2.1/../../../../arm-none-eabi/lib/thumb/v7-m\libnosys.a(sbrk.o)
 *(COMMON)
 COMMON         0x2000020c        0x4 c:/users/thcgo/.platformio/packages/toolchain-gccarmnoneeabi/bin/../lib/gcc/arm-none-eabi/7.2.1/../../../../arm-none-eabi/lib/thumb/v7-m\libc_nano.a(lib_a-reent.o)
                0x2000020c                errno
                0x20000210                . = ALIGN (0x4)
                0x20000210                _ebss = .
                0x20000210                __bss_end__ = _ebss

._user_heap_stack
                0x20000210      0x600 load address 0x08001954
                0x20000210                . = ALIGN (0x8)
                0x20000210                PROVIDE (end, .)
                [!provide]                PROVIDE (_end, .)
                0x20000410                . = (. + _Min_Heap_Size)
 *fill*         0x20000210      0x200 
                0x20000810                . = (. + _Min_Stack_Size)
 *fill*         0x20000410      0x400 
                0x20000810                . = ALIGN (0x8)

/DISCARD/
 libc.a(*)
 libm.a(*)
 libgcc.a(*)

.ARM.attributes
                0x00000000       0x29
 *(.ARM.attributes)
 .ARM.attributes
                0x00000000       0x1d c:/users/thcgo/.platformio/packages/toolchain-gccarmnoneeabi/bin/../lib/gcc/arm-none-eabi/7.2.1/thumb/v7-m/crti.o
 .ARM.attributes
                0x0000001d       0x2d c:/users/thcgo/.platformio/packages/toolchain-gccarmnoneeabi/bin/../lib/gcc/arm-none-eabi/7.2.1/thumb/v7-m/crtbegin.o
 .ARM.attributes
                0x0000004a       0x21 .pio\build\bluepill_f103c8\FrameworkCMSIS\gcc\startup_stm32f103xb.o
 .ARM.attributes
                0x0000006b       0x33 .pio\build\bluepill_f103c8\FrameworkCMSIS\system_stm32f1xx.o
 .ARM.attributes
                0x0000009e       0x33 .pio\build\bluepill_f103c8\src\main.o
 .ARM.attributes
                0x000000d1       0x33 .pio\build\bluepill_f103c8\lib9ca\libsoporte_placa.a(sp_comSerie.o)
 .ARM.attributes
                0x00000104       0x33 .pio\build\bluepill_f103c8\lib9ca\libsoporte_placa.a(sp_comando_scpi.o)
 .ARM.attributes
                0x00000137       0x33 .pio\build\bluepill_f103c8\lib9ca\libsoporte_placa.a(sp_timer.o)
 .ARM.attributes
                0x0000016a       0x2d c:/users/thcgo/.platformio/packages/toolchain-gccarmnoneeabi/bin/../lib/gcc/arm-none-eabi/7.2.1/../../../../arm-none-eabi/lib/thumb/v7-m\libc_nano.a(lib_a-atoi.o)
 .ARM.attributes
                0x00000197       0x2d c:/users/thcgo/.platformio/packages/toolchain-gccarmnoneeabi/bin/../lib/gcc/arm-none-eabi/7.2.1/../../../../arm-none-eabi/lib/thumb/v7-m\libc_nano.a(lib_a-impure.o)
 .ARM.attributes
                0x000001c4       0x2d c:/users/thcgo/.platformio/packages/toolchain-gccarmnoneeabi/bin/../lib/gcc/arm-none-eabi/7.2.1/../../../../arm-none-eabi/lib/thumb/v7-m\libc_nano.a(lib_a-init.o)
 .ARM.attributes
                0x000001f1       0x2d c:/users/thcgo/.platformio/packages/toolchain-gccarmnoneeabi/bin/../lib/gcc/arm-none-eabi/7.2.1/../../../../arm-none-eabi/lib/thumb/v7-m\libc_nano.a(lib_a-locale.o)
 .ARM.attributes
                0x0000021e       0x2d c:/users/thcgo/.platformio/packages/toolchain-gccarmnoneeabi/bin/../lib/gcc/arm-none-eabi/7.2.1/../../../../arm-none-eabi/lib/thumb/v7-m\libc_nano.a(lib_a-mbtowc_r.o)
 .ARM.attributes
                0x0000024b       0x2d c:/users/thcgo/.platformio/packages/toolchain-gccarmnoneeabi/bin/../lib/gcc/arm-none-eabi/7.2.1/../../../../arm-none-eabi/lib/thumb/v7-m\libc_nano.a(lib_a-memset.o)
 .ARM.attributes
                0x00000278       0x2d c:/users/thcgo/.platformio/packages/toolchain-gccarmnoneeabi/bin/../lib/gcc/arm-none-eabi/7.2.1/../../../../arm-none-eabi/lib/thumb/v7-m\libc_nano.a(lib_a-printf.o)
 .ARM.attributes
                0x000002a5       0x2d c:/users/thcgo/.platformio/packages/toolchain-gccarmnoneeabi/bin/../lib/gcc/arm-none-eabi/7.2.1/../../../../arm-none-eabi/lib/thumb/v7-m\libc_nano.a(lib_a-strtol.o)
 .ARM.attributes
                0x000002d2       0x2d c:/users/thcgo/.platformio/packages/toolchain-gccarmnoneeabi/bin/../lib/gcc/arm-none-eabi/7.2.1/../../../../arm-none-eabi/lib/thumb/v7-m\libc_nano.a(lib_a-wctomb_r.o)
 .ARM.attributes
                0x000002ff       0x2d c:/users/thcgo/.platformio/packages/toolchain-gccarmnoneeabi/bin/../lib/gcc/arm-none-eabi/7.2.1/../../../../arm-none-eabi/lib/thumb/v7-m\libc_nano.a(lib_a-ctype_.o)
 .ARM.attributes
                0x0000032c       0x2d c:/users/thcgo/.platformio/packages/toolchain-gccarmnoneeabi/bin/../lib/gcc/arm-none-eabi/7.2.1/../../../../arm-none-eabi/lib/thumb/v7-m\libc_nano.a(lib_a-findfp.o)
 .ARM.attributes
                0x00000359       0x2d c:/users/thcgo/.platformio/packages/toolchain-gccarmnoneeabi/bin/../lib/gcc/arm-none-eabi/7.2.1/../../../../arm-none-eabi/lib/thumb/v7-m\libc_nano.a(lib_a-fwalk.o)
 .ARM.attributes
                0x00000386       0x2d c:/users/thcgo/.platformio/packages/toolchain-gccarmnoneeabi/bin/../lib/gcc/arm-none-eabi/7.2.1/../../../../arm-none-eabi/lib/thumb/v7-m\libc_nano.a(lib_a-nano-mallocr.o)
 .ARM.attributes
                0x000003b3       0x2d c:/users/thcgo/.platformio/packages/toolchain-gccarmnoneeabi/bin/../lib/gcc/arm-none-eabi/7.2.1/../../../../arm-none-eabi/lib/thumb/v7-m\libc_nano.a(lib_a-nano-vfprintf.o)
 .ARM.attributes
                0x000003e0       0x2d c:/users/thcgo/.platformio/packages/toolchain-gccarmnoneeabi/bin/../lib/gcc/arm-none-eabi/7.2.1/../../../../arm-none-eabi/lib/thumb/v7-m\libc_nano.a(lib_a-nano-vfprintf_i.o)
 .ARM.attributes
                0x0000040d       0x2d c:/users/thcgo/.platformio/packages/toolchain-gccarmnoneeabi/bin/../lib/gcc/arm-none-eabi/7.2.1/../../../../arm-none-eabi/lib/thumb/v7-m\libc_nano.a(lib_a-sbrkr.o)
 .ARM.attributes
                0x0000043a       0x2d c:/users/thcgo/.platformio/packages/toolchain-gccarmnoneeabi/bin/../lib/gcc/arm-none-eabi/7.2.1/../../../../arm-none-eabi/lib/thumb/v7-m\libc_nano.a(lib_a-stdio.o)
 .ARM.attributes
                0x00000467       0x2d c:/users/thcgo/.platformio/packages/toolchain-gccarmnoneeabi/bin/../lib/gcc/arm-none-eabi/7.2.1/../../../../arm-none-eabi/lib/thumb/v7-m\libc_nano.a(lib_a-wbuf.o)
 .ARM.attributes
                0x00000494       0x2d c:/users/thcgo/.platformio/packages/toolchain-gccarmnoneeabi/bin/../lib/gcc/arm-none-eabi/7.2.1/../../../../arm-none-eabi/lib/thumb/v7-m\libc_nano.a(lib_a-writer.o)
 .ARM.attributes
                0x000004c1       0x2d c:/users/thcgo/.platformio/packages/toolchain-gccarmnoneeabi/bin/../lib/gcc/arm-none-eabi/7.2.1/../../../../arm-none-eabi/lib/thumb/v7-m\libc_nano.a(lib_a-wsetup.o)
 .ARM.attributes
                0x000004ee       0x2d c:/users/thcgo/.platformio/packages/toolchain-gccarmnoneeabi/bin/../lib/gcc/arm-none-eabi/7.2.1/../../../../arm-none-eabi/lib/thumb/v7-m\libc_nano.a(lib_a-closer.o)
 .ARM.attributes
                0x0000051b       0x2d c:/users/thcgo/.platformio/packages/toolchain-gccarmnoneeabi/bin/../lib/gcc/arm-none-eabi/7.2.1/../../../../arm-none-eabi/lib/thumb/v7-m\libc_nano.a(lib_a-fflush.o)
 .ARM.attributes
                0x00000548       0x2d c:/users/thcgo/.platformio/packages/toolchain-gccarmnoneeabi/bin/../lib/gcc/arm-none-eabi/7.2.1/../../../../arm-none-eabi/lib/thumb/v7-m\libc_nano.a(lib_a-lseekr.o)
 .ARM.attributes
                0x00000575       0x2d c:/users/thcgo/.platformio/packages/toolchain-gccarmnoneeabi/bin/../lib/gcc/arm-none-eabi/7.2.1/../../../../arm-none-eabi/lib/thumb/v7-m\libc_nano.a(lib_a-makebuf.o)
 .ARM.attributes
                0x000005a2       0x2d c:/users/thcgo/.platformio/packages/toolchain-gccarmnoneeabi/bin/../lib/gcc/arm-none-eabi/7.2.1/../../../../arm-none-eabi/lib/thumb/v7-m\libc_nano.a(lib_a-memchr-stub.o)
 .ARM.attributes
                0x000005cf       0x2d c:/users/thcgo/.platformio/packages/toolchain-gccarmnoneeabi/bin/../lib/gcc/arm-none-eabi/7.2.1/../../../../arm-none-eabi/lib/thumb/v7-m\libc_nano.a(lib_a-mlock.o)
 .ARM.attributes
                0x000005fc       0x2d c:/users/thcgo/.platformio/packages/toolchain-gccarmnoneeabi/bin/../lib/gcc/arm-none-eabi/7.2.1/../../../../arm-none-eabi/lib/thumb/v7-m\libc_nano.a(lib_a-nano-freer.o)
 .ARM.attributes
                0x00000629       0x2d c:/users/thcgo/.platformio/packages/toolchain-gccarmnoneeabi/bin/../lib/gcc/arm-none-eabi/7.2.1/../../../../arm-none-eabi/lib/thumb/v7-m\libc_nano.a(lib_a-readr.o)
 .ARM.attributes
                0x00000656       0x2d c:/users/thcgo/.platformio/packages/toolchain-gccarmnoneeabi/bin/../lib/gcc/arm-none-eabi/7.2.1/../../../../arm-none-eabi/lib/thumb/v7-m\libc_nano.a(lib_a-reent.o)
 .ARM.attributes
                0x00000683       0x2d c:/users/thcgo/.platformio/packages/toolchain-gccarmnoneeabi/bin/../lib/gcc/arm-none-eabi/7.2.1/../../../../arm-none-eabi/lib/thumb/v7-m\libc_nano.a(lib_a-fstatr.o)
 .ARM.attributes
                0x000006b0       0x2d c:/users/thcgo/.platformio/packages/toolchain-gccarmnoneeabi/bin/../lib/gcc/arm-none-eabi/7.2.1/../../../../arm-none-eabi/lib/thumb/v7-m\libc_nano.a(lib_a-isattyr.o)
 .ARM.attributes
                0x000006dd       0x2d c:/users/thcgo/.platformio/packages/toolchain-gccarmnoneeabi/bin/../lib/gcc/arm-none-eabi/7.2.1/../../../../arm-none-eabi/lib/thumb/v7-m\libnosys.a(close.o)
 .ARM.attributes
                0x0000070a       0x2d c:/users/thcgo/.platformio/packages/toolchain-gccarmnoneeabi/bin/../lib/gcc/arm-none-eabi/7.2.1/../../../../arm-none-eabi/lib/thumb/v7-m\libnosys.a(fstat.o)
 .ARM.attributes
                0x00000737       0x2d c:/users/thcgo/.platformio/packages/toolchain-gccarmnoneeabi/bin/../lib/gcc/arm-none-eabi/7.2.1/../../../../arm-none-eabi/lib/thumb/v7-m\libnosys.a(isatty.o)
 .ARM.attributes
                0x00000764       0x2d c:/users/thcgo/.platformio/packages/toolchain-gccarmnoneeabi/bin/../lib/gcc/arm-none-eabi/7.2.1/../../../../arm-none-eabi/lib/thumb/v7-m\libnosys.a(lseek.o)
 .ARM.attributes
                0x00000791       0x2d c:/users/thcgo/.platformio/packages/toolchain-gccarmnoneeabi/bin/../lib/gcc/arm-none-eabi/7.2.1/../../../../arm-none-eabi/lib/thumb/v7-m\libnosys.a(read.o)
 .ARM.attributes
                0x000007be       0x2d c:/users/thcgo/.platformio/packages/toolchain-gccarmnoneeabi/bin/../lib/gcc/arm-none-eabi/7.2.1/../../../../arm-none-eabi/lib/thumb/v7-m\libnosys.a(sbrk.o)
 .ARM.attributes
                0x000007eb       0x2d c:/users/thcgo/.platformio/packages/toolchain-gccarmnoneeabi/bin/../lib/gcc/arm-none-eabi/7.2.1/../../../../arm-none-eabi/lib/thumb/v7-m\libnosys.a(write.o)
 .ARM.attributes
                0x00000818       0x1d c:/users/thcgo/.platformio/packages/toolchain-gccarmnoneeabi/bin/../lib/gcc/arm-none-eabi/7.2.1/thumb/v7-m/crtn.o
OUTPUT(.pio\build\bluepill_f103c8\firmware.elf elf32-littlearm)

.debug_info     0x00000000     0x2c56
 .debug_info    0x00000000      0x3e4 .pio\build\bluepill_f103c8\FrameworkCMSIS\system_stm32f1xx.o
 .debug_info    0x000003e4      0xa3c .pio\build\bluepill_f103c8\src\main.o
 .debug_info    0x00000e20      0xbcc .pio\build\bluepill_f103c8\lib9ca\libsoporte_placa.a(sp_comSerie.o)
 .debug_info    0x000019ec      0xeaa .pio\build\bluepill_f103c8\lib9ca\libsoporte_placa.a(sp_comando_scpi.o)
 .debug_info    0x00002896      0x3c0 .pio\build\bluepill_f103c8\lib9ca\libsoporte_placa.a(sp_timer.o)

.debug_abbrev   0x00000000      0x9a3
 .debug_abbrev  0x00000000      0x131 .pio\build\bluepill_f103c8\FrameworkCMSIS\system_stm32f1xx.o
 .debug_abbrev  0x00000131      0x201 .pio\build\bluepill_f103c8\src\main.o
 .debug_abbrev  0x00000332      0x266 .pio\build\bluepill_f103c8\lib9ca\libsoporte_placa.a(sp_comSerie.o)
 .debug_abbrev  0x00000598      0x2ee .pio\build\bluepill_f103c8\lib9ca\libsoporte_placa.a(sp_comando_scpi.o)
 .debug_abbrev  0x00000886      0x11d .pio\build\bluepill_f103c8\lib9ca\libsoporte_placa.a(sp_timer.o)

.debug_loc      0x00000000      0x495
 .debug_loc     0x00000000       0xcd .pio\build\bluepill_f103c8\FrameworkCMSIS\system_stm32f1xx.o
 .debug_loc     0x000000cd       0x9d .pio\build\bluepill_f103c8\lib9ca\libsoporte_placa.a(sp_comSerie.o)
 .debug_loc     0x0000016a      0x2c6 .pio\build\bluepill_f103c8\lib9ca\libsoporte_placa.a(sp_comando_scpi.o)
 .debug_loc     0x00000430       0x65 .pio\build\bluepill_f103c8\lib9ca\libsoporte_placa.a(sp_timer.o)

.debug_aranges  0x00000000       0xf8
 .debug_aranges
                0x00000000       0x28 .pio\build\bluepill_f103c8\FrameworkCMSIS\system_stm32f1xx.o
 .debug_aranges
                0x00000028       0x20 .pio\build\bluepill_f103c8\src\main.o
 .debug_aranges
                0x00000048       0x48 .pio\build\bluepill_f103c8\lib9ca\libsoporte_placa.a(sp_comSerie.o)
 .debug_aranges
                0x00000090       0x30 .pio\build\bluepill_f103c8\lib9ca\libsoporte_placa.a(sp_comando_scpi.o)
 .debug_aranges
                0x000000c0       0x38 .pio\build\bluepill_f103c8\lib9ca\libsoporte_placa.a(sp_timer.o)

.debug_ranges   0x00000000       0xc0
 .debug_ranges  0x00000000       0x18 .pio\build\bluepill_f103c8\FrameworkCMSIS\system_stm32f1xx.o
 .debug_ranges  0x00000018       0x10 .pio\build\bluepill_f103c8\src\main.o
 .debug_ranges  0x00000028       0x50 .pio\build\bluepill_f103c8\lib9ca\libsoporte_placa.a(sp_comSerie.o)
 .debug_ranges  0x00000078       0x20 .pio\build\bluepill_f103c8\lib9ca\libsoporte_placa.a(sp_comando_scpi.o)
 .debug_ranges  0x00000098       0x28 .pio\build\bluepill_f103c8\lib9ca\libsoporte_placa.a(sp_timer.o)

.debug_line     0x00000000      0xe6e
 .debug_line    0x00000000      0x267 .pio\build\bluepill_f103c8\FrameworkCMSIS\system_stm32f1xx.o
 .debug_line    0x00000267      0x31b .pio\build\bluepill_f103c8\src\main.o
 .debug_line    0x00000582      0x333 .pio\build\bluepill_f103c8\lib9ca\libsoporte_placa.a(sp_comSerie.o)
 .debug_line    0x000008b5      0x39f .pio\build\bluepill_f103c8\lib9ca\libsoporte_placa.a(sp_comando_scpi.o)
 .debug_line    0x00000c54      0x21a .pio\build\bluepill_f103c8\lib9ca\libsoporte_placa.a(sp_timer.o)

.debug_str      0x00000000      0x944
 .debug_str     0x00000000      0x291 .pio\build\bluepill_f103c8\FrameworkCMSIS\system_stm32f1xx.o
                                0x2de (size before relaxing)
 .debug_str     0x00000291      0x46e .pio\build\bluepill_f103c8\src\main.o
                                0x647 (size before relaxing)
 .debug_str     0x000006ff       0xbf .pio\build\bluepill_f103c8\lib9ca\libsoporte_placa.a(sp_comSerie.o)
                                0x6ef (size before relaxing)
 .debug_str     0x000007be      0x113 .pio\build\bluepill_f103c8\lib9ca\libsoporte_placa.a(sp_comando_scpi.o)
                                0x721 (size before relaxing)
 .debug_str     0x000008d1       0x73 .pio\build\bluepill_f103c8\lib9ca\libsoporte_placa.a(sp_timer.o)
                                0x2ac (size before relaxing)

.comment        0x00000000       0x7e
 .comment       0x00000000       0x7e .pio\build\bluepill_f103c8\FrameworkCMSIS\system_stm32f1xx.o
                                 0x7f (size before relaxing)
 .comment       0x0000007e       0x7f .pio\build\bluepill_f103c8\src\main.o
 .comment       0x0000007e       0x7f .pio\build\bluepill_f103c8\lib9ca\libsoporte_placa.a(sp_comSerie.o)
 .comment       0x0000007e       0x7f .pio\build\bluepill_f103c8\lib9ca\libsoporte_placa.a(sp_comando_scpi.o)
 .comment       0x0000007e       0x7f .pio\build\bluepill_f103c8\lib9ca\libsoporte_placa.a(sp_timer.o)

.debug_frame    0x00000000      0xb44
 .debug_frame   0x00000000       0x30 .pio\build\bluepill_f103c8\FrameworkCMSIS\system_stm32f1xx.o
 .debug_frame   0x00000030       0x28 .pio\build\bluepill_f103c8\src\main.o
 .debug_frame   0x00000058       0x80 .pio\build\bluepill_f103c8\lib9ca\libsoporte_placa.a(sp_comSerie.o)
 .debug_frame   0x000000d8       0x60 .pio\build\bluepill_f103c8\lib9ca\libsoporte_placa.a(sp_comando_scpi.o)
 .debug_frame   0x00000138       0x50 .pio\build\bluepill_f103c8\lib9ca\libsoporte_placa.a(sp_timer.o)
 .debug_frame   0x00000188       0x30 c:/users/thcgo/.platformio/packages/toolchain-gccarmnoneeabi/bin/../lib/gcc/arm-none-eabi/7.2.1/../../../../arm-none-eabi/lib/thumb/v7-m\libc_nano.a(lib_a-atoi.o)
 .debug_frame   0x000001b8       0x2c c:/users/thcgo/.platformio/packages/toolchain-gccarmnoneeabi/bin/../lib/gcc/arm-none-eabi/7.2.1/../../../../arm-none-eabi/lib/thumb/v7-m\libc_nano.a(lib_a-init.o)
 .debug_frame   0x000001e4       0x68 c:/users/thcgo/.platformio/packages/toolchain-gccarmnoneeabi/bin/../lib/gcc/arm-none-eabi/7.2.1/../../../../arm-none-eabi/lib/thumb/v7-m\libc_nano.a(lib_a-locale.o)
 .debug_frame   0x0000024c       0x48 c:/users/thcgo/.platformio/packages/toolchain-gccarmnoneeabi/bin/../lib/gcc/arm-none-eabi/7.2.1/../../../../arm-none-eabi/lib/thumb/v7-m\libc_nano.a(lib_a-mbtowc_r.o)
 .debug_frame   0x00000294       0x20 c:/users/thcgo/.platformio/packages/toolchain-gccarmnoneeabi/bin/../lib/gcc/arm-none-eabi/7.2.1/../../../../arm-none-eabi/lib/thumb/v7-m\libc_nano.a(lib_a-memset.o)
 .debug_frame   0x000002b4       0x74 c:/users/thcgo/.platformio/packages/toolchain-gccarmnoneeabi/bin/../lib/gcc/arm-none-eabi/7.2.1/../../../../arm-none-eabi/lib/thumb/v7-m\libc_nano.a(lib_a-printf.o)
 .debug_frame   0x00000328       0x84 c:/users/thcgo/.platformio/packages/toolchain-gccarmnoneeabi/bin/../lib/gcc/arm-none-eabi/7.2.1/../../../../arm-none-eabi/lib/thumb/v7-m\libc_nano.a(lib_a-strtol.o)
 .debug_frame   0x000003ac       0x3c c:/users/thcgo/.platformio/packages/toolchain-gccarmnoneeabi/bin/../lib/gcc/arm-none-eabi/7.2.1/../../../../arm-none-eabi/lib/thumb/v7-m\libc_nano.a(lib_a-wctomb_r.o)
 .debug_frame   0x000003e8      0x11c c:/users/thcgo/.platformio/packages/toolchain-gccarmnoneeabi/bin/../lib/gcc/arm-none-eabi/7.2.1/../../../../arm-none-eabi/lib/thumb/v7-m\libc_nano.a(lib_a-findfp.o)
 .debug_frame   0x00000504       0x54 c:/users/thcgo/.platformio/packages/toolchain-gccarmnoneeabi/bin/../lib/gcc/arm-none-eabi/7.2.1/../../../../arm-none-eabi/lib/thumb/v7-m\libc_nano.a(lib_a-fwalk.o)
 .debug_frame   0x00000558       0x2c c:/users/thcgo/.platformio/packages/toolchain-gccarmnoneeabi/bin/../lib/gcc/arm-none-eabi/7.2.1/../../../../arm-none-eabi/lib/thumb/v7-m\libc_nano.a(lib_a-nano-mallocr.o)
 .debug_frame   0x00000584       0xac c:/users/thcgo/.platformio/packages/toolchain-gccarmnoneeabi/bin/../lib/gcc/arm-none-eabi/7.2.1/../../../../arm-none-eabi/lib/thumb/v7-m\libc_nano.a(lib_a-nano-vfprintf.o)
 .debug_frame   0x00000630       0x60 c:/users/thcgo/.platformio/packages/toolchain-gccarmnoneeabi/bin/../lib/gcc/arm-none-eabi/7.2.1/../../../../arm-none-eabi/lib/thumb/v7-m\libc_nano.a(lib_a-nano-vfprintf_i.o)
 .debug_frame   0x00000690       0x2c c:/users/thcgo/.platformio/packages/toolchain-gccarmnoneeabi/bin/../lib/gcc/arm-none-eabi/7.2.1/../../../../arm-none-eabi/lib/thumb/v7-m\libc_nano.a(lib_a-sbrkr.o)
 .debug_frame   0x000006bc       0x88 c:/users/thcgo/.platformio/packages/toolchain-gccarmnoneeabi/bin/../lib/gcc/arm-none-eabi/7.2.1/../../../../arm-none-eabi/lib/thumb/v7-m\libc_nano.a(lib_a-stdio.o)
 .debug_frame   0x00000744       0x40 c:/users/thcgo/.platformio/packages/toolchain-gccarmnoneeabi/bin/../lib/gcc/arm-none-eabi/7.2.1/../../../../arm-none-eabi/lib/thumb/v7-m\libc_nano.a(lib_a-wbuf.o)
 .debug_frame   0x00000784       0x2c c:/users/thcgo/.platformio/packages/toolchain-gccarmnoneeabi/bin/../lib/gcc/arm-none-eabi/7.2.1/../../../../arm-none-eabi/lib/thumb/v7-m\libc_nano.a(lib_a-writer.o)
 .debug_frame   0x000007b0       0x2c c:/users/thcgo/.platformio/packages/toolchain-gccarmnoneeabi/bin/../lib/gcc/arm-none-eabi/7.2.1/../../../../arm-none-eabi/lib/thumb/v7-m\libc_nano.a(lib_a-wsetup.o)
 .debug_frame   0x000007dc       0x2c c:/users/thcgo/.platformio/packages/toolchain-gccarmnoneeabi/bin/../lib/gcc/arm-none-eabi/7.2.1/../../../../arm-none-eabi/lib/thumb/v7-m\libc_nano.a(lib_a-closer.o)
 .debug_frame   0x00000808       0x68 c:/users/thcgo/.platformio/packages/toolchain-gccarmnoneeabi/bin/../lib/gcc/arm-none-eabi/7.2.1/../../../../arm-none-eabi/lib/thumb/v7-m\libc_nano.a(lib_a-fflush.o)
 .debug_frame   0x00000870       0x2c c:/users/thcgo/.platformio/packages/toolchain-gccarmnoneeabi/bin/../lib/gcc/arm-none-eabi/7.2.1/../../../../arm-none-eabi/lib/thumb/v7-m\libc_nano.a(lib_a-lseekr.o)
 .debug_frame   0x0000089c       0x58 c:/users/thcgo/.platformio/packages/toolchain-gccarmnoneeabi/bin/../lib/gcc/arm-none-eabi/7.2.1/../../../../arm-none-eabi/lib/thumb/v7-m\libc_nano.a(lib_a-makebuf.o)
 .debug_frame   0x000008f4       0x28 c:/users/thcgo/.platformio/packages/toolchain-gccarmnoneeabi/bin/../lib/gcc/arm-none-eabi/7.2.1/../../../../arm-none-eabi/lib/thumb/v7-m\libc_nano.a(lib_a-memchr-stub.o)
 .debug_frame   0x0000091c       0x30 c:/users/thcgo/.platformio/packages/toolchain-gccarmnoneeabi/bin/../lib/gcc/arm-none-eabi/7.2.1/../../../../arm-none-eabi/lib/thumb/v7-m\libc_nano.a(lib_a-mlock.o)
 .debug_frame   0x0000094c       0x38 c:/users/thcgo/.platformio/packages/toolchain-gccarmnoneeabi/bin/../lib/gcc/arm-none-eabi/7.2.1/../../../../arm-none-eabi/lib/thumb/v7-m\libc_nano.a(lib_a-nano-freer.o)
 .debug_frame   0x00000984       0x2c c:/users/thcgo/.platformio/packages/toolchain-gccarmnoneeabi/bin/../lib/gcc/arm-none-eabi/7.2.1/../../../../arm-none-eabi/lib/thumb/v7-m\libc_nano.a(lib_a-readr.o)
 .debug_frame   0x000009b0       0x5c c:/users/thcgo/.platformio/packages/toolchain-gccarmnoneeabi/bin/../lib/gcc/arm-none-eabi/7.2.1/../../../../arm-none-eabi/lib/thumb/v7-m\libc_nano.a(lib_a-reent.o)
 .debug_frame   0x00000a0c       0x2c c:/users/thcgo/.platformio/packages/toolchain-gccarmnoneeabi/bin/../lib/gcc/arm-none-eabi/7.2.1/../../../../arm-none-eabi/lib/thumb/v7-m\libc_nano.a(lib_a-fstatr.o)
 .debug_frame   0x00000a38       0x2c c:/users/thcgo/.platformio/packages/toolchain-gccarmnoneeabi/bin/../lib/gcc/arm-none-eabi/7.2.1/../../../../arm-none-eabi/lib/thumb/v7-m\libc_nano.a(lib_a-isattyr.o)
 .debug_frame   0x00000a64       0x20 c:/users/thcgo/.platformio/packages/toolchain-gccarmnoneeabi/bin/../lib/gcc/arm-none-eabi/7.2.1/../../../../arm-none-eabi/lib/thumb/v7-m\libnosys.a(close.o)
 .debug_frame   0x00000a84       0x20 c:/users/thcgo/.platformio/packages/toolchain-gccarmnoneeabi/bin/../lib/gcc/arm-none-eabi/7.2.1/../../../../arm-none-eabi/lib/thumb/v7-m\libnosys.a(fstat.o)
 .debug_frame   0x00000aa4       0x20 c:/users/thcgo/.platformio/packages/toolchain-gccarmnoneeabi/bin/../lib/gcc/arm-none-eabi/7.2.1/../../../../arm-none-eabi/lib/thumb/v7-m\libnosys.a(isatty.o)
 .debug_frame   0x00000ac4       0x20 c:/users/thcgo/.platformio/packages/toolchain-gccarmnoneeabi/bin/../lib/gcc/arm-none-eabi/7.2.1/../../../../arm-none-eabi/lib/thumb/v7-m\libnosys.a(lseek.o)
 .debug_frame   0x00000ae4       0x20 c:/users/thcgo/.platformio/packages/toolchain-gccarmnoneeabi/bin/../lib/gcc/arm-none-eabi/7.2.1/../../../../arm-none-eabi/lib/thumb/v7-m\libnosys.a(read.o)
 .debug_frame   0x00000b04       0x20 c:/users/thcgo/.platformio/packages/toolchain-gccarmnoneeabi/bin/../lib/gcc/arm-none-eabi/7.2.1/../../../../arm-none-eabi/lib/thumb/v7-m\libnosys.a(sbrk.o)
 .debug_frame   0x00000b24       0x20 c:/users/thcgo/.platformio/packages/toolchain-gccarmnoneeabi/bin/../lib/gcc/arm-none-eabi/7.2.1/../../../../arm-none-eabi/lib/thumb/v7-m\libnosys.a(write.o)

.stab           0x00000000       0x9c
 .stab          0x00000000       0x24 c:/users/thcgo/.platformio/packages/toolchain-gccarmnoneeabi/bin/../lib/gcc/arm-none-eabi/7.2.1/../../../../arm-none-eabi/lib/thumb/v7-m\libnosys.a(close.o)
 .stab          0x00000024       0x18 c:/users/thcgo/.platformio/packages/toolchain-gccarmnoneeabi/bin/../lib/gcc/arm-none-eabi/7.2.1/../../../../arm-none-eabi/lib/thumb/v7-m\libnosys.a(fstat.o)
                                 0x24 (size before relaxing)
 .stab          0x0000003c       0x18 c:/users/thcgo/.platformio/packages/toolchain-gccarmnoneeabi/bin/../lib/gcc/arm-none-eabi/7.2.1/../../../../arm-none-eabi/lib/thumb/v7-m\libnosys.a(isatty.o)
                                 0x24 (size before relaxing)
 .stab          0x00000054       0x18 c:/users/thcgo/.platformio/packages/toolchain-gccarmnoneeabi/bin/../lib/gcc/arm-none-eabi/7.2.1/../../../../arm-none-eabi/lib/thumb/v7-m\libnosys.a(lseek.o)
                                 0x24 (size before relaxing)
 .stab          0x0000006c       0x18 c:/users/thcgo/.platformio/packages/toolchain-gccarmnoneeabi/bin/../lib/gcc/arm-none-eabi/7.2.1/../../../../arm-none-eabi/lib/thumb/v7-m\libnosys.a(read.o)
                                 0x24 (size before relaxing)
 .stab          0x00000084       0x18 c:/users/thcgo/.platformio/packages/toolchain-gccarmnoneeabi/bin/../lib/gcc/arm-none-eabi/7.2.1/../../../../arm-none-eabi/lib/thumb/v7-m\libnosys.a(write.o)
                                 0x24 (size before relaxing)

.stabstr        0x00000000      0x14d
 .stabstr       0x00000000      0x14d c:/users/thcgo/.platformio/packages/toolchain-gccarmnoneeabi/bin/../lib/gcc/arm-none-eabi/7.2.1/../../../../arm-none-eabi/lib/thumb/v7-m\libnosys.a(close.o)
